File write works!